<?xml version="1.0" encoding="UTF-8"?>
<TestRun id="b1eb25e7-829f-4e71-b136-f3167b944e67" name="welras@CNK3T3J 2010-05-02 09:06:27" runUser="AD\welras" xmlns="http://microsoft.com/schemas/VisualStudio/TeamTest/2006">
  <TestRunConfiguration name="Local Test Run" id="b9a607c5-198a-483e-881f-484a0c7c0d45">
    <Description>This is a default test run configuration for a local test run.</Description>
    <Deployment userDeploymentRoot="C:\project\A_project\csharp\SampleLibApp\TestResults" useDefaultDeploymentRoot="false" runDeploymentRoot="C:\project\A_project\csharp\SampleLibApp\TestResults\welras_CNK3T3J 2010-05-02 09_06_27">
      <DeploymentItem filename="C:\project\A_project\csharp\SampleLibApp\WCFClientAPI\bin\Debug\WCFClientAPI.dll" />
    </Deployment>
    <TestTypeSpecific />
  </TestRunConfiguration>
  <ResultSummary outcome="Failed">
    <Counters total="1" executed="1" error="0" failed="1" timeout="0" aborted="0" inconclusive="0" passedButRunAborted="0" notRunnable="0" notExecuted="0" disconnected="0" warning="0" passed="0" completed="0" inProgress="0" pending="0" />
  </ResultSummary>
  <Times creation="2010-05-02T09:06:27.1650546+05:30" queuing="2010-05-02T09:06:29.7704550+05:30" start="2010-05-02T09:06:29.9420682+05:30" finish="2010-05-02T09:06:30.0356754+05:30" />
  <TestDefinitions>
    <UnitTest name="TestNumberOfConnections" storage="c:\project\a_project\csharp\samplelibapp\testlibrary\bin\debug\testlibrary.dll" id="9caf0e6b-06b4-df75-eb62-6d722e56e1d8">
      <Css projectStructure="" iteration="" />
      <Owners>
        <Owner name="" />
      </Owners>
      <Execution id="3a8b91e1-796d-469d-9b47-cbbe03fa384b" />
      <TestMethod codeBase="C:\project\A_project\csharp\SampleLibApp\TestLibrary\bin\Debug\TestLibrary.dll" adapterTypeName="Microsoft.VisualStudio.TestTools.TestTypes.Unit.UnitTestAdapter, Microsoft.VisualStudio.QualityTools.Tips.UnitTest.Adapter, Version=9.0.0.0, Culture=neutral, PublicKeyToken=b03f5f7f11d50a3a" className="com.library.TestLibrary.ClientLibraryTest, TestLibrary" name="TestNumberOfConnections" />
    </UnitTest>
  </TestDefinitions>
  <TestLists>
    <TestList name="Results Not in a List" id="8c84fa94-04c1-424b-9868-57a2d4851a1d" />
    <TestList name="All Loaded Results" id="19431567-8539-422a-85d7-44ee4e166bda" />
  </TestLists>
  <TestEntries>
    <TestEntry testId="9caf0e6b-06b4-df75-eb62-6d722e56e1d8" executionId="3a8b91e1-796d-469d-9b47-cbbe03fa384b" testListId="8c84fa94-04c1-424b-9868-57a2d4851a1d" />
  </TestEntries>
  <Results>
    <UnitTestResult executionId="3a8b91e1-796d-469d-9b47-cbbe03fa384b" testId="9caf0e6b-06b4-df75-eb62-6d722e56e1d8" testName="TestNumberOfConnections" computerName="CNK3T3J" duration="00:00:00.0368164" startTime="2010-05-02T09:06:29.8172586+05:30" endTime="2010-05-02T09:06:30.0044730+05:30" testType="13cdc9d9-ddb5-4fa4-a97d-d965ccfc6d4b" outcome="Failed" testListId="8c84fa94-04c1-424b-9868-57a2d4851a1d">
      <Output>
        <ErrorInfo>
          <Message>Assert.AreEqual failed. Expected:&lt;99&gt;. Actual:&lt;77&gt;. </Message>
          <StackTrace>   at com.library.TestLibrary.ClientLibraryTest.TestNumberOfConnections() in C:\project\A_project\csharp\SampleLibApp\TestLibrary\ClientLibraryTest.cs:line 385
</StackTrace>
        </ErrorInfo>
      </Output>
    </UnitTestResult>
  </Results>
</TestRun>